Loaded 242 REAL circuits {'QASMBench': 31, 'MQT': 46, 'VeriQ': 165} (small+medium+mqt+veriq mode, <= 14 qubits, <= 200 gates after flattening)
  [coverage] dropped 24 over gate-cap after flattening (e.g. [('dnn_n2', 226), ('ising_n10', 480), ('qaoa_n6', 270)]), 1 with irreducible >12-qubit gates (e.g. ['mqt_grover_n14']); these remain in the structural (no-simulation) pass.
  [QASMBench small ] adder_n10                      q=10 ops=14
  [QASMBench small ] adder_n4                       q= 4 ops=23
  [QASMBench small ] basis_change_n3                q= 3 ops=33
  [QASMBench small ] basis_test_n4                  q= 4 ops=98
  [QASMBench small ] bell_n4                        q= 4 ops=33
  [QASMBench small ] cat_state_n4                   q= 4 ops=4
  [QASMBench small ] deutsch_n2                     q= 2 ops=5
  [QASMBench small ] error_correctiond3_n5          q= 5 ops=114
  [QASMBench small ] fredkin_n3                     q= 3 ops=19
  [QASMBench small ] grover_n2                      q= 2 ops=16
  [QASMBench small ] hs4_n4                         q= 4 ops=28
  [QASMBench small ] iswap_n2                       q= 2 ops=9
  [QASMBench small ] linearsolver_n3                q= 3 ops=19
  [QASMBench small ] lpn_n5                         q= 5 ops=11
  [QASMBench small ] pea_n5                         q= 5 ops=29
  [QASMBench small ] qaoa_n3                        q= 3 ops=15
  [QASMBench small ] qec_en_n5                      q= 5 ops=25
  [QASMBench small ] qft_n4                         q= 4 ops=12
  [QASMBench small ] qpe_n9                         q= 9 ops=33
  [QASMBench small ] qrng_n4                        q= 4 ops=4
  [QASMBench small ] quantumwalks_n2                q= 2 ops=11
  [QASMBench small ] sat_n7                         q= 7 ops=40
  [QASMBench small ] simon_n6                       q= 6 ops=16
  [QASMBench small ] teleportation_n3               q= 3 ops=8
  [QASMBench small ] toffoli_n3                     q= 3 ops=18
  [QASMBench small ] variational_n4                 q= 4 ops=54
  [QASMBench small ] vqe_n4                         q= 4 ops=89
  [QASMBench small ] wstate_n3                      q= 3 ops=6
  [QASMBench medium] bv_n14                         q=14 ops=41
  [QASMBench medium] multiply_n13                   q=13 ops=14
  [QASMBench medium] sat_n11                        q=11 ops=91
  [MQT       small ] mqt_bv_n10                     q=10 ops=23
  [MQT       medium] mqt_bv_n14                     q=14 ops=33
  [MQT       small ] mqt_bv_n3                      q= 3 ops=6
  [MQT       small ] mqt_bv_n4                      q= 4 ops=8
  [MQT       small ] mqt_bv_n5                      q= 5 ops=11
  [MQT       small ] mqt_bv_n8                      q= 8 ops=18
  [MQT       small ] mqt_dj_n10                     q=10 ops=41
  [MQT       medium] mqt_dj_n14                     q=14 ops=55
  [MQT       small ] mqt_dj_n3                      q= 3 ops=7
  [MQT       small ] mqt_dj_n4                      q= 4 ops=9
  [MQT       small ] mqt_dj_n5                      q= 5 ops=11
  [MQT       small ] mqt_dj_n8                      q= 8 ops=17
  [MQT       small ] mqt_ghz_n10                    q=10 ops=10
  [MQT       medium] mqt_ghz_n14                    q=14 ops=14
  [MQT       small ] mqt_ghz_n3                     q= 3 ops=3
  [MQT       small ] mqt_ghz_n4                     q= 4 ops=4
  [MQT       small ] mqt_ghz_n5                     q= 5 ops=5
  [MQT       small ] mqt_ghz_n8                     q= 8 ops=8
  [MQT       small ] mqt_graphstate_n10             q=10 ops=20
  [MQT       medium] mqt_graphstate_n14             q=14 ops=28
  [MQT       small ] mqt_graphstate_n3              q= 3 ops=6
  [MQT       small ] mqt_graphstate_n4              q= 4 ops=8
  [MQT       small ] mqt_graphstate_n5              q= 5 ops=10
  [MQT       small ] mqt_graphstate_n8              q= 8 ops=16
  [MQT       small ] mqt_grover_n3                  q= 3 ops=4
  [MQT       small ] mqt_grover_n4                  q= 4 ops=6
  [MQT       small ] mqt_grover_n5                  q= 5 ops=8
  [MQT       small ] mqt_grover_n8                  q= 8 ops=16
  [MQT       small ] mqt_qft_n10                    q=10 ops=60
  [MQT       medium] mqt_qft_n14                    q=14 ops=112
  [MQT       small ] mqt_qft_n3                     q= 3 ops=1
  [MQT       small ] mqt_qft_n4                     q= 4 ops=1
  [MQT       small ] mqt_qft_n5                     q= 5 ops=1
  [MQT       small ] mqt_qft_n8                     q= 8 ops=1
  [MQT       small ] mqt_qftentangled_n10           q=10 ops=70
  [MQT       medium] mqt_qftentangled_n14           q=14 ops=126
  [MQT       small ] mqt_qftentangled_n3            q= 3 ops=4
  [MQT       small ] mqt_qftentangled_n4            q= 4 ops=5
  [MQT       small ] mqt_qftentangled_n5            q= 5 ops=6
  [MQT       small ] mqt_qftentangled_n8            q= 8 ops=9
  [MQT       small ] mqt_wstate_n10                 q=10 ops=37
  [MQT       medium] mqt_wstate_n14                 q=14 ops=53
  [MQT       small ] mqt_wstate_n3                  q= 3 ops=9
  [MQT       small ] mqt_wstate_n4                  q= 4 ops=13
  [MQT       small ] mqt_wstate_n5                  q= 5 ops=17
  [MQT       small ] mqt_wstate_n8                  q= 8 ops=29
  [VeriQ     small ] veriq_comb_adder_n10           q=10 ops=12
  [VeriQ     medium] veriq_comb_adder_n13           q=13 ops=16
  [VeriQ     small ] veriq_comb_adder_n4            q= 4 ops=4
  [VeriQ     small ] veriq_comb_adder_n7            q= 7 ops=8
  [VeriQ     small ] veriq_comb_bv_10               q=10 ops=30
  [VeriQ     medium] veriq_comb_bv_11               q=11 ops=33
  [VeriQ     medium] veriq_comb_bv_12               q=12 ops=36
  [VeriQ     medium] veriq_comb_bv_13               q=13 ops=39
  [VeriQ     medium] veriq_comb_bv_14               q=14 ops=42
  [VeriQ     small ] veriq_comb_bv_2                q= 2 ops=6
  [VeriQ     small ] veriq_comb_bv_3                q= 3 ops=9
  [VeriQ     small ] veriq_comb_bv_4                q= 4 ops=12
  [VeriQ     small ] veriq_comb_bv_5                q= 5 ops=15
  [VeriQ     small ] veriq_comb_bv_6                q= 6 ops=18
  [VeriQ     small ] veriq_comb_bv_7                q= 7 ops=21
  [VeriQ     small ] veriq_comb_bv_8                q= 8 ops=24
  [VeriQ     small ] veriq_comb_bv_9                q= 9 ops=27
  [VeriQ     medium] veriq_comb_grover_11           q=11 ops=50
  [VeriQ     medium] veriq_comb_grover_13           q=13 ops=59
  [VeriQ     small ] veriq_comb_grover_3            q= 3 ops=16
  [VeriQ     small ] veriq_comb_grover_5            q= 5 ops=23
  [VeriQ     small ] veriq_comb_grover_7            q= 7 ops=32
  [VeriQ     small ] veriq_comb_grover_9            q= 9 ops=41
  [VeriQ     medium] veriq_comb_pe_10               q=11 ops=75
  [VeriQ     medium] veriq_comb_pe_11               q=12 ops=88
  [VeriQ     medium] veriq_comb_pe_12               q=13 ops=102
  [VeriQ     medium] veriq_comb_pe_13               q=14 ops=117
  [VeriQ     small ] veriq_comb_pe_2                q= 3 ops=7
  [VeriQ     small ] veriq_comb_pe_3                q= 4 ops=12
  [VeriQ     small ] veriq_comb_pe_4                q= 5 ops=18
  [VeriQ     small ] veriq_comb_pe_5                q= 6 ops=25
  [VeriQ     small ] veriq_comb_pe_6                q= 7 ops=33
  [VeriQ     small ] veriq_comb_pe_7                q= 8 ops=42
  [VeriQ     small ] veriq_comb_pe_8                q= 9 ops=52
  [VeriQ     small ] veriq_comb_pe_9                q=10 ops=63
  [VeriQ     small ] veriq_comb_qft_10              q=10 ops=55
  [VeriQ     medium] veriq_comb_qft_11              q=11 ops=66
  [VeriQ     medium] veriq_comb_qft_12              q=12 ops=78
  [VeriQ     medium] veriq_comb_qft_13              q=13 ops=91
  [VeriQ     medium] veriq_comb_qft_14              q=14 ops=105
  [VeriQ     small ] veriq_comb_qft_2               q= 2 ops=3
  [VeriQ     small ] veriq_comb_qft_3               q= 3 ops=6
  [VeriQ     small ] veriq_comb_qft_4               q= 4 ops=10
  [VeriQ     small ] veriq_comb_qft_5               q= 5 ops=15
  [VeriQ     small ] veriq_comb_qft_6               q= 6 ops=21
  [VeriQ     small ] veriq_comb_qft_7               q= 7 ops=28
  [VeriQ     small ] veriq_comb_qft_8               q= 8 ops=36
  [VeriQ     small ] veriq_comb_qft_9               q= 9 ops=45
  [VeriQ     small ] veriq_comb_5QBT_16CYC_16GN_1.0P2_0 q= 5 ops=16
  [VeriQ     small ] veriq_comb_5QBT_32CYC_32GN_1.0P2_0 q= 5 ops=32
  [VeriQ     small ] veriq_comb_5QBT_4CYC_4GN_1.0P2_0 q= 5 ops=4
  [VeriQ     small ] veriq_comb_5QBT_64CYC_64GN_1.0P2_0 q= 5 ops=64
  [VeriQ     small ] veriq_comb_5QBT_8CYC_8GN_1.0P2_0 q= 5 ops=8
  [VeriQ     small ] veriq_comb_quantum_volume_n2_d5_i0 q= 2 ops=50
  [VeriQ     small ] veriq_comb_quantum_volume_n3_d5_i0 q= 3 ops=50
  [VeriQ     small ] veriq_comb_quantum_volume_n4_d5_i0 q= 4 ops=100
  [VeriQ     small ] veriq_comb_quantum_volume_n5_d2_i0 q= 5 ops=40
  [VeriQ     small ] veriq_comb_quantum_volume_n5_d3_i0 q= 5 ops=60
  [VeriQ     small ] veriq_comb_quantum_volume_n5_d4_i0 q= 5 ops=80
  [VeriQ     small ] veriq_comb_quantum_volume_n5_d5_i0 q= 5 ops=100
  [VeriQ     small ] veriq_comb_quantum_volume_n6_d5_i0 q= 6 ops=150
  [VeriQ     small ] veriq_comb_quantum_volume_n7_d5_i0 q= 7 ops=150
  [VeriQ     small ] veriq_comb_quantum_volume_n8_d5_i0 q= 8 ops=200
  [VeriQ     small ] veriq_comb_quantum_volume_n9_d5_i0 q= 9 ops=200
  [VeriQ     small ] veriq_comb_rand_cliff_10_AG    q=10 ops=134
  [VeriQ     small ] veriq_comb_rand_cliff_10_GD    q=10 ops=128
  [VeriQ     medium] veriq_comb_rand_cliff_11_AG    q=11 ops=160
  [VeriQ     medium] veriq_comb_rand_cliff_11_GD    q=11 ops=141
  [VeriQ     medium] veriq_comb_rand_cliff_12_AG    q=12 ops=180
  [VeriQ     medium] veriq_comb_rand_cliff_12_GD    q=12 ops=179
  [VeriQ     medium] veriq_comb_rand_cliff_13_AG    q=13 ops=197
  [VeriQ     medium] veriq_comb_rand_cliff_13_GD    q=13 ops=193
  [VeriQ     small ] veriq_comb_rand_cliff_2_AG     q= 2 ops=11
  [VeriQ     small ] veriq_comb_rand_cliff_2_GD     q= 2 ops=9
  [VeriQ     small ] veriq_comb_rand_cliff_3_AG     q= 3 ops=17
  [VeriQ     small ] veriq_comb_rand_cliff_3_GD     q= 3 ops=11
  [VeriQ     small ] veriq_comb_rand_cliff_4_AG     q= 4 ops=25
  [VeriQ     small ] veriq_comb_rand_cliff_4_GD     q= 4 ops=23
  [VeriQ     small ] veriq_comb_rand_cliff_5_AG     q= 5 ops=42
  [VeriQ     small ] veriq_comb_rand_cliff_5_GD     q= 5 ops=36
  [VeriQ     small ] veriq_comb_rand_cliff_6_AG     q= 6 ops=53
  [VeriQ     small ] veriq_comb_rand_cliff_6_GD     q= 6 ops=51
  [VeriQ     small ] veriq_comb_rand_cliff_7_AG     q= 7 ops=83
  [VeriQ     small ] veriq_comb_rand_cliff_7_GD     q= 7 ops=63
  [VeriQ     small ] veriq_comb_rand_cliff_8_AG     q= 8 ops=108
  [VeriQ     small ] veriq_comb_rand_cliff_8_GD     q= 8 ops=91
  [VeriQ     small ] veriq_comb_rand_cliff_9_AG     q= 9 ops=107
  [VeriQ     small ] veriq_comb_rand_cliff_9_GD     q= 9 ops=100
  [VeriQ     small ] veriq_comb_2of5d2              q= 7 ops=12
  [VeriQ     small ] veriq_comb_2of5d3              q= 6 ops=17
  [VeriQ     small ] veriq_comb_2of5d4-n7-gc12-qc31 q= 7 ops=12
  [VeriQ     small ] veriq_comb_2of5d5-n7-gc11-qc32 q= 7 ops=11
  [VeriQ     small ] veriq_comb_2of5d7-n6-gc9-qc268 q= 6 ops=9
  [VeriQ     small ] veriq_comb_3_17tc              q= 3 ops=6
  [VeriQ     small ] veriq_comb_4_49_fc             q= 4 ops=23
  [VeriQ     small ] veriq_comb_4_49tc1             q= 4 ops=16
  [VeriQ     small ] veriq_comb_4b15g_1             q= 4 ops=15
  [VeriQ     small ] veriq_comb_4b15g_2             q= 4 ops=15
  [VeriQ     small ] veriq_comb_4b15g_3             q= 4 ops=15
  [VeriQ     small ] veriq_comb_4b15g_4             q= 4 ops=15
  [VeriQ     small ] veriq_comb_4b15g_5             q= 4 ops=15
  [VeriQ     medium] veriq_comb_5bitadder           q=11 ops=29
  [VeriQ     small ] veriq_comb_5mod5_fc            q= 6 ops=10
  [VeriQ     small ] veriq_comb_6symd2              q=10 ops=20
  [VeriQ     medium] veriq_comb_9symd2              q=12 ops=28
  [VeriQ     small ] veriq_comb_gf2^3mult_11_47     q= 9 ops=11
  [VeriQ     medium] veriq_comb_gf2^4mult_19_83     q=12 ops=19
  [VeriQ     small ] veriq_comb_ham3_fc             q= 3 ops=6
  [VeriQ     small ] veriq_comb_ham3tc              q= 3 ops=5
  [VeriQ     small ] veriq_comb_ham7tc              q= 7 ops=23
  [VeriQ     small ] veriq_comb_hwb4-11-21          q= 4 ops=11
  [VeriQ     small ] veriq_comb_hwb4tc              q= 4 ops=17
  [VeriQ     small ] veriq_comb_hwb5-24-102         q= 5 ops=24
  [VeriQ     small ] veriq_comb_hwb5-33-71          q= 5 ops=33
  [VeriQ     small ] veriq_comb_hwb5_31_91          q= 5 ops=31
  [VeriQ     small ] veriq_comb_hwb5ps              q= 8 ops=47
  [VeriQ     small ] veriq_comb_hwb6_47_107         q= 6 ops=47
  [VeriQ     small ] veriq_comb_hwb6ps              q= 9 ops=53
  [VeriQ     small ] veriq_comb_hwb7ps              q=10 ops=71
  [VeriQ     small ] veriq_comb_mod5d1              q= 5 ops=8
  [VeriQ     small ] veriq_comb_mod5d2              q= 5 ops=9
  [VeriQ     small ] veriq_comb_mod5d4              q= 5 ops=5
  [VeriQ     small ] veriq_comb_mod_4mod5-n5-gc4-qc13 q= 5 ops=4
  [VeriQ     small ] veriq_comb_mod_5mod5-n6-gc7-qc429 q= 6 ops=7
  [VeriQ     small ] veriq_comb_mspk_4_49_12        q= 4 ops=12
  [VeriQ     small ] veriq_comb_mspk_4_49_13        q= 4 ops=13
  [VeriQ     small ] veriq_comb_mspk_4_49_14        q= 4 ops=14
  [VeriQ     small ] veriq_comb_mspk_4b15g_1        q= 4 ops=15
  [VeriQ     small ] veriq_comb_mspk_4b15g_2        q= 4 ops=15
  [VeriQ     small ] veriq_comb_mspk_4b15g_3        q= 4 ops=15
  [VeriQ     small ] veriq_comb_mspk_4b15g_4        q= 4 ops=15
  [VeriQ     small ] veriq_comb_mspk_4b15g_5        q= 4 ops=15
  [VeriQ     small ] veriq_comb_mspk_hwb4_12        q= 4 ops=12
  [VeriQ     small ] veriq_comb_mspk_hwb4_13        q= 4 ops=13
  [VeriQ     small ] veriq_comb_mspk_hwb5_31_91_opt_38_80 q= 5 ops=38
  [VeriQ     small ] veriq_comb_mspk_nth_prime5_inc_29_91_opt_36_80 q= 5 ops=36
  [VeriQ     small ] veriq_comb_mspk_nth_primes4_11 q= 4 ops=11
  [VeriQ     small ] veriq_comb_mspk_nth_primes4_12 q= 4 ops=12
  [VeriQ     small ] veriq_comb_mspk_nth_primes4_13 q= 4 ops=13
  [VeriQ     small ] veriq_comb_mspk_nth_primes4_14 q= 4 ops=14
  [VeriQ     small ] veriq_comb_nth_prime3_inc      q= 3 ops=4
  [VeriQ     small ] veriq_comb_nth_prime4_inc_15_51 q= 4 ops=15
  [VeriQ     small ] veriq_comb_nth_prime4_inc_d1   q= 4 ops=12
  [VeriQ     small ] veriq_comb_nth_prime4_inc_d2   q= 4 ops=11
  [VeriQ     small ] veriq_comb_nth_prime5_inc-28-96 q= 5 ops=28
  [VeriQ     small ] veriq_comb_nth_prime5_inc_25_103 q= 5 ops=25
  [VeriQ     small ] veriq_comb_nth_prime5_inc_29_91 q= 5 ops=29
  [VeriQ     small ] veriq_comb_rd32                q= 4 ops=4
  [VeriQ     small ] veriq_comb_rd53d2              q= 8 ops=12
  [VeriQ     small ] veriq_comb_rd73d2              q=10 ops=20
  [VeriQ     small ] veriq_vari_eff_1_4             q= 4 ops=19
  [VeriQ     small ] veriq_vari_eff_2_4             q= 4 ops=19
  [VeriQ     small ] veriq_vari_eff_3_4             q= 4 ops=19
  [VeriQ     small ] veriq_vari_eff_4_4             q= 4 ops=19
  [VeriQ     small ] veriq_vari_eff_5_4             q= 4 ops=19
  [VeriQ     small ] veriq_vari_hf_6_0_5            q= 6 ops=155
  [VeriQ     small ] veriq_vari_hf_6_0_9            q= 6 ops=155
  [VeriQ     small ] veriq_vari_hf_6_1_3            q= 6 ops=155
  [VeriQ     small ] veriq_vari_hf_6_1_7            q= 6 ops=155
  [VeriQ     small ] veriq_vari_hf_6_2_1            q= 6 ops=155
  [VeriQ     small ] veriq_vari_hf_6_2_5            q= 6 ops=155
  [VeriQ     small ] veriq_vari_qaoa_10             q=10 ops=188
  [VeriQ     small ] veriq_vari_qaoa_6              q= 6 ops=110
  [VeriQ     small ] veriq_vari_qcnn_4              q= 4 ops=66
  [VeriQ     small ] veriq_vari_qcnn_8              q= 8 ops=154

Evaluating backward + forward slices (naive / causal / QPDG) ...

=== RQ1 (backward soundness) ===
  naive classical invalid slices: 22.1% (fidelity 0.892)
  QPDG invalid slices:            0.0% (fidelity 1.000)
  McNemar p=1.00e-15
=== RQ2 (backward precision) ===
  mean slice-size reduction vs causal classical: 29.0% (max 90.4%); Wilcoxon p=1.00e-15
=== RQ3 (forward soundness) ===
  naive classical incomplete: 0.8% | QPDG incomplete: 0.0%
=== Debugging case study ===
  faulty gate in slice?  {'naive': False, 'causal': True, 'qpdg': True}

Wrote results/results.json
