Loaded 161 in-range OpenQASM circuits across corpora {'QASMBench': 39, 'MQT Bench': 42, 'VeriQBench': 80} (max_qubits=14, max_ops=220, max_per_corpus=80).
  10/158 circuits, 2s
  20/158 circuits, 2s
  30/158 circuits, 4s
  40/158 circuits, 6s
  50/158 circuits, 6s
  60/158 circuits, 7s
  70/158 circuits, 315s
  80/158 circuits, 315s
  90/158 circuits, 315s
  100/158 circuits, 315s
  110/158 circuits, 315s
  120/158 circuits, 315s
  130/158 circuits, 315s
  140/158 circuits, 315s
  150/158 circuits, 315s
  QPDG (Sec. III method)                           invalid 0.003  fid 0.998087  size 0.524  fwd 0.998
  Naive classical PDG (def-use port)               invalid 0.276  fid 0.864634  size 0.512  fwd 0.988
  Causal classical PDG (data+control light cone)   invalid 0.003  fid 0.998087  size 0.688  fwd 0.992
excluded circuits: 3; wrote results/method_secondary
